102-filenames.1.in 102-filenames.2.in 102-filenames.3.in
1
