1236540520.203 0.352999925613403 tag:benc@ci.uchicago.edu,2008:swiftlogs:execute:first-r2522:0 0 END_SUCCESS echo
