Swift 0.94 swift-r6888 cog-r3762

RunID: 20130822-2202-c5ih1pj1
