Swift 0.94.1 RC2 swift-r6895 cog-r3765

RunID: 20130820-2209-384c1ky1
