l	 c	 r
"foo"	 "FOO"	 "Foo"
"bar"	 "BAR"	 "Bar"
"baz"	 "BAZ"	 "Baz"
"qux"	 "QUX"	 "Qux"
"frrrr"	 "FRRRR"	 "Frrrr"
